
[1m[46m RUN [49m[22m [36mv4.0.18 [39m[90mD:/vs code/TwinBot[39m

 [31mΓ¥»[39m tests/core/doctor.spec.ts [2m([22m[2m24 tests[22m[2m | [22m[31m3 failed[39m[2m)[22m[33m 403[2mms[22m[39m
     [32mΓ£ô[39m fails when the env var is not set[32m 6[2mms[22m[39m
     [32mΓ£ô[39m fails when the env var is an empty string[32m 1[2mms[22m[39m
     [32mΓ£ô[39m fails when the env var is only whitespace[32m 0[2mms[22m[39m
     [32mΓ£ô[39m passes when the env var has a value and masks it[32m 2[2mms[22m[39m
     [32mΓ£ô[39m masks short values without leaking the full secret[32m 1[2mms[22m[39m
     [32mΓ£ô[39m passes for a path that exists[32m 1[2mms[22m[39m
     [32mΓ£ô[39m fails for an unknown filesystem check name[32m 0[2mms[22m[39m
     [32mΓ£ô[39m passes for node (always present in the test environment)[32m 190[2mms[22m[39m
     [32mΓ£ô[39m fails for a non-existent binary[32m 173[2mms[22m[39m
     [32mΓ£ô[39m fails when config file is missing[32m 2[2mms[22m[39m
[31m     [31m├ù[31m fails gracefully when config file is invalid JSON[39m[32m 10[2mms[22m[39m
[31m     [31m├ù[31m passes when config file is valid JSON[39m[32m 3[2mms[22m[39m
     [32mΓ£ô[39m fails for unknown channels[32m 0[2mms[22m[39m
     [32mΓ£ô[39m fails when whatsapp auth directory does not exist (disconnected)[32m 1[2mms[22m[39m
[31m     [31m├ù[31m passes when whatsapp auth directory exists (successful link)[39m[32m 2[2mms[22m[39m
     [32mΓ£ô[39m returns a valid report structure[32m 1[2mms[22m[39m
     [32mΓ£ô[39m returns ok status when all checks pass[32m 1[2mms[22m[39m
     [32mΓ£ô[39m returns critical status when a critical check fails[32m 0[2mms[22m[39m
     [32mΓ£ô[39m returns degraded status when only warning checks fail[32m 0[2mms[22m[39m
     [32mΓ£ô[39m skips service-endpoint checks gracefully[32m 0[2mms[22m[39m
     [32mΓ£ô[39m produces human-readable text by default[32m 2[2mms[22m[39m
     [32mΓ£ô[39m produces valid JSON when asJson=true[32m 1[2mms[22m[39m
     [32mΓ£ô[39m includes remediation hint for failed checks in human-readable output[32m 1[2mms[22m[39m
     [32mΓ£ô[39m does not leak secret values in human-readable output[32m 1[2mms[22m[39m

[2m Test Files [22m [1m[31m1 failed[39m[22m[90m (1)[39m
[2m      Tests [22m [1m[31m3 failed[39m[22m[2m | [22m[1m[32m21 passed[39m[22m[90m (24)[39m
[2m   Start at [22m 14:14:18
[2m   Duration [22m 1.12s[2m (transform 256ms, setup 0ms, import 365ms, tests 403ms, environment 0ms)[22m

